#-----------------------------------------------------------
# Vivado v2025.1 (64-bit)
# SW Build 6140274 on Thu May 22 00:12:29 MDT 2025
# IP Build 6138677 on Thu May 22 03:10:11 MDT 2025
# SharedData Build 6139179 on Tue May 20 17:58:58 MDT 2025
# Start of session at: Sun Dec 14 13:38:32 2025
# Process ID         : 32184
# Current directory  : C:/Users/Agrajith/Desktop/Sem 5/Digital System Design/ALUFinal/ledOutput/ledOutput.runs/synth_1
# Command line       : vivado.exe -log ledDisplay.vds -product Vivado -mode batch -messageDb vivado.pb -notrace -source ledDisplay.tcl
# Log file           : C:/Users/Agrajith/Desktop/Sem 5/Digital System Design/ALUFinal/ledOutput/ledOutput.runs/synth_1/ledDisplay.vds
# Journal file       : C:/Users/Agrajith/Desktop/Sem 5/Digital System Design/ALUFinal/ledOutput/ledOutput.runs/synth_1\vivado.jou
# Running On         : DESKTOP-087OT34
# Platform           : Windows Server 2016 or Windows 10
# Operating System   : 26200
# Processor Detail   : 12th Gen Intel(R) Core(TM) i7-1255U
# CPU Frequency      : 2611 MHz
# CPU Physical cores : 10
# CPU Logical cores  : 12
# Host memory        : 8245 MB
# Swap memory        : 13429 MB
# Total Virtual      : 21674 MB
# Available Virtual  : 4933 MB
#-----------------------------------------------------------
source ledDisplay.tcl -notrace
