Copyright 1986-2022 Xilinx, Inc. All Rights Reserved. Copyright 2022-2025 Advanced Micro Devices, Inc. All Rights Reserved.
-----------------------------------------------------------------------------------------------------------------------------------------------------------------------------------------------
| Tool Version : Vivado v.2025.1 (win64) Build 6140274 Thu May 22 00:12:29 MDT 2025
| Date         : Sun Dec 28 09:33:41 2025
| Host         : DESKTOP-087OT34 running 64-bit major release  (build 9200)
| Command      : report_methodology -file top_uart_alu_system_methodology_drc_routed.rpt -pb top_uart_alu_system_methodology_drc_routed.pb -rpx top_uart_alu_system_methodology_drc_routed.rpx
| Design       : top_uart_alu_system
| Device       : xc7z010clg400-1
| Speed File   : -1
| Design State : Fully Routed
-----------------------------------------------------------------------------------------------------------------------------------------------------------------------------------------------

Report Methodology

Table of Contents
-----------------
1. REPORT SUMMARY
2. REPORT DETAILS

1. REPORT SUMMARY
-----------------
            Netlist: netlist
          Floorplan: design_1
      Design limits: <entire design considered>
             Max checks: <unlimited>
             Checks found: 111
+-----------+------------------+--------------------------------+--------+
| Rule      | Severity         | Description                    | Checks |
+-----------+------------------+--------------------------------+--------+
| TIMING-17 | Critical Warning | Non-clocked sequential cell    | 3      |
| LUTAR-1   | Warning          | LUT drives async reset alert   | 1      |
| TIMING-18 | Warning          | Missing input or output delay  | 1      |
| TIMING-20 | Warning          | Non-clocked latch              | 105    |
| LATCH-1   | Advisory         | Existing latches in the design | 1      |
+-----------+------------------+--------------------------------+--------+

2. REPORT DETAILS
-----------------
TIMING-17#1 Critical Warning
Non-clocked sequential cell  
The clock pin dut/myValidator/finished_reg/C is not reached by a timing clock
Related violations: <none>

TIMING-17#2 Critical Warning
Non-clocked sequential cell  
The clock pin dut/myValidator/validity_reg[0]/C is not reached by a timing clock
Related violations: <none>

TIMING-17#3 Critical Warning
Non-clocked sequential cell  
The clock pin dut/myValidator/validity_reg[1]/C is not reached by a timing clock
Related violations: <none>

LUTAR-1#1 Warning
LUT drives async reset alert  
LUT cell dut/myNorm/enc/state[0]_i_2__0, with 2 or more inputs, drives asynchronous preset/clear pin(s) dut/myNorm/regmantissa_reg[20]/CLR, dut/myNorm/regmantissa_reg[21]/CLR,
dut/myNorm/regmantissa_reg[22]/CLR, dut/myNorm/regmantissa_reg[23]/CLR,
dut/myNorm/regmantissa_reg[2]/CLR, dut/myNorm/regmantissa_reg[3]/CLR,
dut/myNorm/regmantissa_reg[4]/CLR, dut/myNorm/regmantissa_reg[5]/CLR,
dut/myNorm/regmantissa_reg[6]/CLR, dut/myNorm/regmantissa_reg[7]/CLR,
dut/myNorm/regmantissa_reg[8]/CLR, dut/myNorm/regmantissa_reg[9]/CLR,
dut/myNorm/state_reg[0]/CLR, dut/myNorm/state_reg[1]/CLR,
dut/myNorm/state_reg[2]/CLR (the first 15 of 153 listed). The LUT may glitch and trigger an unexpected reset, even if it is a properly timed path.
Related violations: <none>

TIMING-18#1 Warning
Missing input or output delay  
An input delay is missing on reset_btn relative to the rising and/or falling clock edge(s) of clk.
Related violations: <none>

TIMING-20#1 Warning
Non-clocked latch  
The latch dut/decA/exp_reg[0] cannot be properly analyzed as its control pin dut/decA/exp_reg[0]/G is not reached by a timing clock
Related violations: <none>

TIMING-20#2 Warning
Non-clocked latch  
The latch dut/decA/exp_reg[1] cannot be properly analyzed as its control pin dut/decA/exp_reg[1]/G is not reached by a timing clock
Related violations: <none>

TIMING-20#3 Warning
Non-clocked latch  
The latch dut/decA/exp_reg[2] cannot be properly analyzed as its control pin dut/decA/exp_reg[2]/G is not reached by a timing clock
Related violations: <none>

TIMING-20#4 Warning
Non-clocked latch  
The latch dut/decA/exp_reg[3] cannot be properly analyzed as its control pin dut/decA/exp_reg[3]/G is not reached by a timing clock
Related violations: <none>

TIMING-20#5 Warning
Non-clocked latch  
The latch dut/decA/exp_reg[4] cannot be properly analyzed as its control pin dut/decA/exp_reg[4]/G is not reached by a timing clock
Related violations: <none>

TIMING-20#6 Warning
Non-clocked latch  
The latch dut/decA/exp_reg[5] cannot be properly analyzed as its control pin dut/decA/exp_reg[5]/G is not reached by a timing clock
Related violations: <none>

TIMING-20#7 Warning
Non-clocked latch  
The latch dut/decA/exp_reg[6] cannot be properly analyzed as its control pin dut/decA/exp_reg[6]/G is not reached by a timing clock
Related violations: <none>

TIMING-20#8 Warning
Non-clocked latch  
The latch dut/decA/exp_reg[7] cannot be properly analyzed as its control pin dut/decA/exp_reg[7]/G is not reached by a timing clock
Related violations: <none>

TIMING-20#9 Warning
Non-clocked latch  
The latch dut/decA/regMan_reg[0] cannot be properly analyzed as its control pin dut/decA/regMan_reg[0]/G is not reached by a timing clock
Related violations: <none>

TIMING-20#10 Warning
Non-clocked latch  
The latch dut/decA/regMan_reg[10] cannot be properly analyzed as its control pin dut/decA/regMan_reg[10]/G is not reached by a timing clock
Related violations: <none>

TIMING-20#11 Warning
Non-clocked latch  
The latch dut/decA/regMan_reg[11] cannot be properly analyzed as its control pin dut/decA/regMan_reg[11]/G is not reached by a timing clock
Related violations: <none>

TIMING-20#12 Warning
Non-clocked latch  
The latch dut/decA/regMan_reg[12] cannot be properly analyzed as its control pin dut/decA/regMan_reg[12]/G is not reached by a timing clock
Related violations: <none>

TIMING-20#13 Warning
Non-clocked latch  
The latch dut/decA/regMan_reg[13] cannot be properly analyzed as its control pin dut/decA/regMan_reg[13]/G is not reached by a timing clock
Related violations: <none>

TIMING-20#14 Warning
Non-clocked latch  
The latch dut/decA/regMan_reg[14] cannot be properly analyzed as its control pin dut/decA/regMan_reg[14]/G is not reached by a timing clock
Related violations: <none>

TIMING-20#15 Warning
Non-clocked latch  
The latch dut/decA/regMan_reg[15] cannot be properly analyzed as its control pin dut/decA/regMan_reg[15]/G is not reached by a timing clock
Related violations: <none>

TIMING-20#16 Warning
Non-clocked latch  
The latch dut/decA/regMan_reg[16] cannot be properly analyzed as its control pin dut/decA/regMan_reg[16]/G is not reached by a timing clock
Related violations: <none>

TIMING-20#17 Warning
Non-clocked latch  
The latch dut/decA/regMan_reg[17] cannot be properly analyzed as its control pin dut/decA/regMan_reg[17]/G is not reached by a timing clock
Related violations: <none>

TIMING-20#18 Warning
Non-clocked latch  
The latch dut/decA/regMan_reg[18] cannot be properly analyzed as its control pin dut/decA/regMan_reg[18]/G is not reached by a timing clock
Related violations: <none>

TIMING-20#19 Warning
Non-clocked latch  
The latch dut/decA/regMan_reg[19] cannot be properly analyzed as its control pin dut/decA/regMan_reg[19]/G is not reached by a timing clock
Related violations: <none>

TIMING-20#20 Warning
Non-clocked latch  
The latch dut/decA/regMan_reg[1] cannot be properly analyzed as its control pin dut/decA/regMan_reg[1]/G is not reached by a timing clock
Related violations: <none>

TIMING-20#21 Warning
Non-clocked latch  
The latch dut/decA/regMan_reg[20] cannot be properly analyzed as its control pin dut/decA/regMan_reg[20]/G is not reached by a timing clock
Related violations: <none>

TIMING-20#22 Warning
Non-clocked latch  
The latch dut/decA/regMan_reg[21] cannot be properly analyzed as its control pin dut/decA/regMan_reg[21]/G is not reached by a timing clock
Related violations: <none>

TIMING-20#23 Warning
Non-clocked latch  
The latch dut/decA/regMan_reg[22] cannot be properly analyzed as its control pin dut/decA/regMan_reg[22]/G is not reached by a timing clock
Related violations: <none>

TIMING-20#24 Warning
Non-clocked latch  
The latch dut/decA/regMan_reg[23] cannot be properly analyzed as its control pin dut/decA/regMan_reg[23]/G is not reached by a timing clock
Related violations: <none>

TIMING-20#25 Warning
Non-clocked latch  
The latch dut/decA/regMan_reg[2] cannot be properly analyzed as its control pin dut/decA/regMan_reg[2]/G is not reached by a timing clock
Related violations: <none>

TIMING-20#26 Warning
Non-clocked latch  
The latch dut/decA/regMan_reg[3] cannot be properly analyzed as its control pin dut/decA/regMan_reg[3]/G is not reached by a timing clock
Related violations: <none>

TIMING-20#27 Warning
Non-clocked latch  
The latch dut/decA/regMan_reg[4] cannot be properly analyzed as its control pin dut/decA/regMan_reg[4]/G is not reached by a timing clock
Related violations: <none>

TIMING-20#28 Warning
Non-clocked latch  
The latch dut/decA/regMan_reg[5] cannot be properly analyzed as its control pin dut/decA/regMan_reg[5]/G is not reached by a timing clock
Related violations: <none>

TIMING-20#29 Warning
Non-clocked latch  
The latch dut/decA/regMan_reg[6] cannot be properly analyzed as its control pin dut/decA/regMan_reg[6]/G is not reached by a timing clock
Related violations: <none>

TIMING-20#30 Warning
Non-clocked latch  
The latch dut/decA/regMan_reg[7] cannot be properly analyzed as its control pin dut/decA/regMan_reg[7]/G is not reached by a timing clock
Related violations: <none>

TIMING-20#31 Warning
Non-clocked latch  
The latch dut/decA/regMan_reg[8] cannot be properly analyzed as its control pin dut/decA/regMan_reg[8]/G is not reached by a timing clock
Related violations: <none>

TIMING-20#32 Warning
Non-clocked latch  
The latch dut/decA/regMan_reg[9] cannot be properly analyzed as its control pin dut/decA/regMan_reg[9]/G is not reached by a timing clock
Related violations: <none>

TIMING-20#33 Warning
Non-clocked latch  
The latch dut/decA/regValid_reg cannot be properly analyzed as its control pin dut/decA/regValid_reg/G is not reached by a timing clock
Related violations: <none>

TIMING-20#34 Warning
Non-clocked latch  
The latch dut/decA/zero_reg[0] cannot be properly analyzed as its control pin dut/decA/zero_reg[0]/G is not reached by a timing clock
Related violations: <none>

TIMING-20#35 Warning
Non-clocked latch  
The latch dut/decA/zero_reg[1] cannot be properly analyzed as its control pin dut/decA/zero_reg[1]/G is not reached by a timing clock
Related violations: <none>

TIMING-20#36 Warning
Non-clocked latch  
The latch dut/decB/exp_reg[0] cannot be properly analyzed as its control pin dut/decB/exp_reg[0]/G is not reached by a timing clock
Related violations: <none>

TIMING-20#37 Warning
Non-clocked latch  
The latch dut/decB/exp_reg[1] cannot be properly analyzed as its control pin dut/decB/exp_reg[1]/G is not reached by a timing clock
Related violations: <none>

TIMING-20#38 Warning
Non-clocked latch  
The latch dut/decB/exp_reg[2] cannot be properly analyzed as its control pin dut/decB/exp_reg[2]/G is not reached by a timing clock
Related violations: <none>

TIMING-20#39 Warning
Non-clocked latch  
The latch dut/decB/exp_reg[3] cannot be properly analyzed as its control pin dut/decB/exp_reg[3]/G is not reached by a timing clock
Related violations: <none>

TIMING-20#40 Warning
Non-clocked latch  
The latch dut/decB/exp_reg[4] cannot be properly analyzed as its control pin dut/decB/exp_reg[4]/G is not reached by a timing clock
Related violations: <none>

TIMING-20#41 Warning
Non-clocked latch  
The latch dut/decB/exp_reg[5] cannot be properly analyzed as its control pin dut/decB/exp_reg[5]/G is not reached by a timing clock
Related violations: <none>

TIMING-20#42 Warning
Non-clocked latch  
The latch dut/decB/exp_reg[6] cannot be properly analyzed as its control pin dut/decB/exp_reg[6]/G is not reached by a timing clock
Related violations: <none>

TIMING-20#43 Warning
Non-clocked latch  
The latch dut/decB/exp_reg[7] cannot be properly analyzed as its control pin dut/decB/exp_reg[7]/G is not reached by a timing clock
Related violations: <none>

TIMING-20#44 Warning
Non-clocked latch  
The latch dut/decB/regMan_reg[0] cannot be properly analyzed as its control pin dut/decB/regMan_reg[0]/G is not reached by a timing clock
Related violations: <none>

TIMING-20#45 Warning
Non-clocked latch  
The latch dut/decB/regMan_reg[10] cannot be properly analyzed as its control pin dut/decB/regMan_reg[10]/G is not reached by a timing clock
Related violations: <none>

TIMING-20#46 Warning
Non-clocked latch  
The latch dut/decB/regMan_reg[11] cannot be properly analyzed as its control pin dut/decB/regMan_reg[11]/G is not reached by a timing clock
Related violations: <none>

TIMING-20#47 Warning
Non-clocked latch  
The latch dut/decB/regMan_reg[12] cannot be properly analyzed as its control pin dut/decB/regMan_reg[12]/G is not reached by a timing clock
Related violations: <none>

TIMING-20#48 Warning
Non-clocked latch  
The latch dut/decB/regMan_reg[13] cannot be properly analyzed as its control pin dut/decB/regMan_reg[13]/G is not reached by a timing clock
Related violations: <none>

TIMING-20#49 Warning
Non-clocked latch  
The latch dut/decB/regMan_reg[14] cannot be properly analyzed as its control pin dut/decB/regMan_reg[14]/G is not reached by a timing clock
Related violations: <none>

TIMING-20#50 Warning
Non-clocked latch  
The latch dut/decB/regMan_reg[15] cannot be properly analyzed as its control pin dut/decB/regMan_reg[15]/G is not reached by a timing clock
Related violations: <none>

TIMING-20#51 Warning
Non-clocked latch  
The latch dut/decB/regMan_reg[16] cannot be properly analyzed as its control pin dut/decB/regMan_reg[16]/G is not reached by a timing clock
Related violations: <none>

TIMING-20#52 Warning
Non-clocked latch  
The latch dut/decB/regMan_reg[17] cannot be properly analyzed as its control pin dut/decB/regMan_reg[17]/G is not reached by a timing clock
Related violations: <none>

TIMING-20#53 Warning
Non-clocked latch  
The latch dut/decB/regMan_reg[18] cannot be properly analyzed as its control pin dut/decB/regMan_reg[18]/G is not reached by a timing clock
Related violations: <none>

TIMING-20#54 Warning
Non-clocked latch  
The latch dut/decB/regMan_reg[19] cannot be properly analyzed as its control pin dut/decB/regMan_reg[19]/G is not reached by a timing clock
Related violations: <none>

TIMING-20#55 Warning
Non-clocked latch  
The latch dut/decB/regMan_reg[1] cannot be properly analyzed as its control pin dut/decB/regMan_reg[1]/G is not reached by a timing clock
Related violations: <none>

TIMING-20#56 Warning
Non-clocked latch  
The latch dut/decB/regMan_reg[20] cannot be properly analyzed as its control pin dut/decB/regMan_reg[20]/G is not reached by a timing clock
Related violations: <none>

TIMING-20#57 Warning
Non-clocked latch  
The latch dut/decB/regMan_reg[21] cannot be properly analyzed as its control pin dut/decB/regMan_reg[21]/G is not reached by a timing clock
Related violations: <none>

TIMING-20#58 Warning
Non-clocked latch  
The latch dut/decB/regMan_reg[22] cannot be properly analyzed as its control pin dut/decB/regMan_reg[22]/G is not reached by a timing clock
Related violations: <none>

TIMING-20#59 Warning
Non-clocked latch  
The latch dut/decB/regMan_reg[23] cannot be properly analyzed as its control pin dut/decB/regMan_reg[23]/G is not reached by a timing clock
Related violations: <none>

TIMING-20#60 Warning
Non-clocked latch  
The latch dut/decB/regMan_reg[2] cannot be properly analyzed as its control pin dut/decB/regMan_reg[2]/G is not reached by a timing clock
Related violations: <none>

TIMING-20#61 Warning
Non-clocked latch  
The latch dut/decB/regMan_reg[3] cannot be properly analyzed as its control pin dut/decB/regMan_reg[3]/G is not reached by a timing clock
Related violations: <none>

TIMING-20#62 Warning
Non-clocked latch  
The latch dut/decB/regMan_reg[4] cannot be properly analyzed as its control pin dut/decB/regMan_reg[4]/G is not reached by a timing clock
Related violations: <none>

TIMING-20#63 Warning
Non-clocked latch  
The latch dut/decB/regMan_reg[5] cannot be properly analyzed as its control pin dut/decB/regMan_reg[5]/G is not reached by a timing clock
Related violations: <none>

TIMING-20#64 Warning
Non-clocked latch  
The latch dut/decB/regMan_reg[6] cannot be properly analyzed as its control pin dut/decB/regMan_reg[6]/G is not reached by a timing clock
Related violations: <none>

TIMING-20#65 Warning
Non-clocked latch  
The latch dut/decB/regMan_reg[7] cannot be properly analyzed as its control pin dut/decB/regMan_reg[7]/G is not reached by a timing clock
Related violations: <none>

TIMING-20#66 Warning
Non-clocked latch  
The latch dut/decB/regMan_reg[8] cannot be properly analyzed as its control pin dut/decB/regMan_reg[8]/G is not reached by a timing clock
Related violations: <none>

TIMING-20#67 Warning
Non-clocked latch  
The latch dut/decB/regMan_reg[9] cannot be properly analyzed as its control pin dut/decB/regMan_reg[9]/G is not reached by a timing clock
Related violations: <none>

TIMING-20#68 Warning
Non-clocked latch  
The latch dut/decB/zero_reg[0] cannot be properly analyzed as its control pin dut/decB/zero_reg[0]/G is not reached by a timing clock
Related violations: <none>

TIMING-20#69 Warning
Non-clocked latch  
The latch dut/decB/zero_reg[1] cannot be properly analyzed as its control pin dut/decB/zero_reg[1]/G is not reached by a timing clock
Related violations: <none>

TIMING-20#70 Warning
Non-clocked latch  
The latch dut/myALU/add_reg[0] cannot be properly analyzed as its control pin dut/myALU/add_reg[0]/G is not reached by a timing clock
Related violations: <none>

TIMING-20#71 Warning
Non-clocked latch  
The latch dut/myALU/add_reg[10] cannot be properly analyzed as its control pin dut/myALU/add_reg[10]/G is not reached by a timing clock
Related violations: <none>

TIMING-20#72 Warning
Non-clocked latch  
The latch dut/myALU/add_reg[11] cannot be properly analyzed as its control pin dut/myALU/add_reg[11]/G is not reached by a timing clock
Related violations: <none>

TIMING-20#73 Warning
Non-clocked latch  
The latch dut/myALU/add_reg[12] cannot be properly analyzed as its control pin dut/myALU/add_reg[12]/G is not reached by a timing clock
Related violations: <none>

TIMING-20#74 Warning
Non-clocked latch  
The latch dut/myALU/add_reg[13] cannot be properly analyzed as its control pin dut/myALU/add_reg[13]/G is not reached by a timing clock
Related violations: <none>

TIMING-20#75 Warning
Non-clocked latch  
The latch dut/myALU/add_reg[14] cannot be properly analyzed as its control pin dut/myALU/add_reg[14]/G is not reached by a timing clock
Related violations: <none>

TIMING-20#76 Warning
Non-clocked latch  
The latch dut/myALU/add_reg[15] cannot be properly analyzed as its control pin dut/myALU/add_reg[15]/G is not reached by a timing clock
Related violations: <none>

TIMING-20#77 Warning
Non-clocked latch  
The latch dut/myALU/add_reg[16] cannot be properly analyzed as its control pin dut/myALU/add_reg[16]/G is not reached by a timing clock
Related violations: <none>

TIMING-20#78 Warning
Non-clocked latch  
The latch dut/myALU/add_reg[17] cannot be properly analyzed as its control pin dut/myALU/add_reg[17]/G is not reached by a timing clock
Related violations: <none>

TIMING-20#79 Warning
Non-clocked latch  
The latch dut/myALU/add_reg[18] cannot be properly analyzed as its control pin dut/myALU/add_reg[18]/G is not reached by a timing clock
Related violations: <none>

TIMING-20#80 Warning
Non-clocked latch  
The latch dut/myALU/add_reg[19] cannot be properly analyzed as its control pin dut/myALU/add_reg[19]/G is not reached by a timing clock
Related violations: <none>

TIMING-20#81 Warning
Non-clocked latch  
The latch dut/myALU/add_reg[1] cannot be properly analyzed as its control pin dut/myALU/add_reg[1]/G is not reached by a timing clock
Related violations: <none>

TIMING-20#82 Warning
Non-clocked latch  
The latch dut/myALU/add_reg[20] cannot be properly analyzed as its control pin dut/myALU/add_reg[20]/G is not reached by a timing clock
Related violations: <none>

TIMING-20#83 Warning
Non-clocked latch  
The latch dut/myALU/add_reg[21] cannot be properly analyzed as its control pin dut/myALU/add_reg[21]/G is not reached by a timing clock
Related violations: <none>

TIMING-20#84 Warning
Non-clocked latch  
The latch dut/myALU/add_reg[22] cannot be properly analyzed as its control pin dut/myALU/add_reg[22]/G is not reached by a timing clock
Related violations: <none>

TIMING-20#85 Warning
Non-clocked latch  
The latch dut/myALU/add_reg[23] cannot be properly analyzed as its control pin dut/myALU/add_reg[23]/G is not reached by a timing clock
Related violations: <none>

TIMING-20#86 Warning
Non-clocked latch  
The latch dut/myALU/add_reg[24] cannot be properly analyzed as its control pin dut/myALU/add_reg[24]/G is not reached by a timing clock
Related violations: <none>

TIMING-20#87 Warning
Non-clocked latch  
The latch dut/myALU/add_reg[2] cannot be properly analyzed as its control pin dut/myALU/add_reg[2]/G is not reached by a timing clock
Related violations: <none>

TIMING-20#88 Warning
Non-clocked latch  
The latch dut/myALU/add_reg[3] cannot be properly analyzed as its control pin dut/myALU/add_reg[3]/G is not reached by a timing clock
Related violations: <none>

TIMING-20#89 Warning
Non-clocked latch  
The latch dut/myALU/add_reg[4] cannot be properly analyzed as its control pin dut/myALU/add_reg[4]/G is not reached by a timing clock
Related violations: <none>

TIMING-20#90 Warning
Non-clocked latch  
The latch dut/myALU/add_reg[5] cannot be properly analyzed as its control pin dut/myALU/add_reg[5]/G is not reached by a timing clock
Related violations: <none>

TIMING-20#91 Warning
Non-clocked latch  
The latch dut/myALU/add_reg[6] cannot be properly analyzed as its control pin dut/myALU/add_reg[6]/G is not reached by a timing clock
Related violations: <none>

TIMING-20#92 Warning
Non-clocked latch  
The latch dut/myALU/add_reg[7] cannot be properly analyzed as its control pin dut/myALU/add_reg[7]/G is not reached by a timing clock
Related violations: <none>

TIMING-20#93 Warning
Non-clocked latch  
The latch dut/myALU/add_reg[8] cannot be properly analyzed as its control pin dut/myALU/add_reg[8]/G is not reached by a timing clock
Related violations: <none>

TIMING-20#94 Warning
Non-clocked latch  
The latch dut/myALU/add_reg[9] cannot be properly analyzed as its control pin dut/myALU/add_reg[9]/G is not reached by a timing clock
Related violations: <none>

TIMING-20#95 Warning
Non-clocked latch  
The latch dut/myALU/expMax_reg[0] cannot be properly analyzed as its control pin dut/myALU/expMax_reg[0]/G is not reached by a timing clock
Related violations: <none>

TIMING-20#96 Warning
Non-clocked latch  
The latch dut/myALU/expMax_reg[1] cannot be properly analyzed as its control pin dut/myALU/expMax_reg[1]/G is not reached by a timing clock
Related violations: <none>

TIMING-20#97 Warning
Non-clocked latch  
The latch dut/myALU/expMax_reg[2] cannot be properly analyzed as its control pin dut/myALU/expMax_reg[2]/G is not reached by a timing clock
Related violations: <none>

TIMING-20#98 Warning
Non-clocked latch  
The latch dut/myALU/expMax_reg[3] cannot be properly analyzed as its control pin dut/myALU/expMax_reg[3]/G is not reached by a timing clock
Related violations: <none>

TIMING-20#99 Warning
Non-clocked latch  
The latch dut/myALU/expMax_reg[4] cannot be properly analyzed as its control pin dut/myALU/expMax_reg[4]/G is not reached by a timing clock
Related violations: <none>

TIMING-20#100 Warning
Non-clocked latch  
The latch dut/myALU/expMax_reg[5] cannot be properly analyzed as its control pin dut/myALU/expMax_reg[5]/G is not reached by a timing clock
Related violations: <none>

TIMING-20#101 Warning
Non-clocked latch  
The latch dut/myALU/expMax_reg[6] cannot be properly analyzed as its control pin dut/myALU/expMax_reg[6]/G is not reached by a timing clock
Related violations: <none>

TIMING-20#102 Warning
Non-clocked latch  
The latch dut/myALU/expMax_reg[7] cannot be properly analyzed as its control pin dut/myALU/expMax_reg[7]/G is not reached by a timing clock
Related violations: <none>

TIMING-20#103 Warning
Non-clocked latch  
The latch dut/myALU/opfin_reg cannot be properly analyzed as its control pin dut/myALU/opfin_reg/G is not reached by a timing clock
Related violations: <none>

TIMING-20#104 Warning
Non-clocked latch  
The latch dut/myALU/sign_reg cannot be properly analyzed as its control pin dut/myALU/sign_reg/G is not reached by a timing clock
Related violations: <none>

TIMING-20#105 Warning
Non-clocked latch  
The latch dut/resetNorm_reg_LDC cannot be properly analyzed as its control pin dut/resetNorm_reg_LDC/G is not reached by a timing clock
Related violations: <none>

LATCH-1#1 Advisory
Existing latches in the design  
There are 105 latches found in the design. Inferred latches are often the result of HDL coding mistakes, such as incomplete if or case statements.
Related violations: <none>


